#Devops
Done
